[www.granatensistraduccion.com/index.html]
[gmpg.org/xfn/11.html]
[backblue.gif]
[fade.gif]
[index.html]
[www.granatensistraduccion.com/wp-content/uploads/2023/01/logo_new.png]
[www.granatensistraduccion.com/wp-includes/css/dashicons.min6a4d.css]
[www.granatensistraduccion.com/comments/feed/index.html]
[www.granatensistraduccion.com/feed/index.html]
[www.granatensistraduccion.com/wp-content/plugins/menu-icons/css/extra.min69e0.css]
[www.granatensistraduccion.com/wp-includes/css/dist/block-library/style.min6a4d.css]
[www.granatensistraduccion.com/pagina-ejemplo/feed/index.html]
[www.granatensistraduccion.com/wp-includes/css/classic-themes.min68b3.css]
[www.granatensistraduccion.com/wp-content/plugins/contact-form-7/includes/css/styles9f31.css]
[www.granatensistraduccion.com/wp-content/plugins/weglot/dist/css/front-css7868.css]
[www.granatensistraduccion.com/wp-content/plugins/weglot/app/styles/new-flags7868.css]
[www.granatensistraduccion.com/wp-content/themes/neve/style-main-new.min3d9c.css]
[www.granatensistraduccion.com/wp-content/plugins/cookie-law-info/lite/frontend/js/script.min6173.js]
[www.granatensistraduccion.com/wp-content/plugins/weglot/dist/front-js7868.js]
[www.granatensistraduccion.com/wp-json/wp/v2/pages/2.json]
[www.granatensistraduccion.com/wp-json/index.html]
[www.granatensistraduccion.com/xmlrpc0db0.php]
[www.granatensistraduccion.com/wp-includes/wlwmanifest.xml]
[www.granatensistraduccion.com/wp-json/oembed/1.0/embed5685.json]
[www.granatensistraduccion.com/wp-json/oembed/1.0/embede56e]
[granatensistraduccion.000webhostapp.com/wp-content/uploads/2023/01/header1_bn_80.png]
[www.granatensistraduccion.com/wp-content/uploads/2023/01/favicon.png]
[www.granatensistraduccion.com/fr/index.html]
[www.granatensistraduccion.com/quienes-somos/index.html]
[www.granatensistraduccion.com/contacto/index.html]
[www.granatensistraduccion.com/wp-content/plugins/contact-form-7/includes/swv/js/index9f31.js]
[www.granatensistraduccion.com/wp-content/plugins/contact-form-7/includes/js/index9f31.js]
[www.granatensistraduccion.com/politica-de-privacidad/index.html]
[www.granatensistraduccion.com/wp-content/themes/neve/assets/js/build/modern/frontend3d9c.js]
[www.google.com/recaptcha/apice69.js]
[www.granatensistraduccion.com/wp-includes/js/dist/vendor/regenerator-runtime.min3937.js]
[www.granatensistraduccion.com/wp-includes/js/dist/vendor/wp-polyfill.min2c7c.js]
[www.granatensistraduccion.com/wp-content/plugins/contact-form-7/modules/recaptcha/index9f31.js]
[cdn.000webhost.com/000webhost/logo/footer-powered-by-000webhost-white2.png]
[www.granatensistraduccion.com/index.html]
[gmpg.org/xfn/default.css]
[gmpg.org/xfn/.html]
[gmpg.org/xfn/intro.html]
[gmpg.org/xfn/faq.html]
[gmpg.org/xfn/11.html]
[www.googletagmanager.com/index.html]
[www.granatensistraduccion.com/fr/index.html]
[www.granatensistraduccion.com/fr/quienes-somos/index.html]
[www.granatensistraduccion.com/fr/contacto/index.html]
[www.granatensistraduccion.com/wp-json/wp/v2/pages/52.json]
[www.granatensistraduccion.com/fr/politica-de-privacidad/index.html]
[www.granatensistraduccion.com/wp-json/oembed/1.0/embed8af7.json]
[www.granatensistraduccion.com/quienes-somos/index.html]
[www.granatensistraduccion.com/wp-json/oembed/1.0/embeded13]
[www.granatensistraduccion.com/wp-json/wp/v2/pages/26.json]
[www.granatensistraduccion.com/wp-json/oembed/1.0/embed5b05.json]
[www.granatensistraduccion.com/wp-json/oembed/1.0/embed6f40]
[www.granatensistraduccion.com/cdn-cgi/l/email-protection.html]
[www.granatensistraduccion.com/cdn-cgi/scripts/5c5dd728/cloudflare-static/email-decode.min.js]
[www.granatensistraduccion.com/contacto/index.html]
[www.granatensistraduccion.com/wp-json/wp/v2/pages/15.json]
[www.granatensistraduccion.com/wp-json/oembed/1.0/embed88c4.json]
[www.granatensistraduccion.com/politica-de-privacidad/index.html]
[gmpg.org/xfn/.html]
[gmpg.org/xfn/intro.html]
[gmpg.org/xfn/faq.html]
[www.granatensistraduccion.com/fr/quienes-somos/index.html]
[www.granatensistraduccion.com/fr/contacto/index.html]
[www.granatensistraduccion.com/fr/politica-de-privacidad/index.html]
[www.granatensistraduccion.com/index4579.html]
[www.granatensistraduccion.com/index88b9.html]
[www.granatensistraduccion.com/cdn-cgi/l/email-protection.html]
[www.granatensistraduccion.com/indexa1ca.html]
[www.granatensistraduccion.com/wp-json/oembed/1.0/embed14e1]
[www.granatensistraduccion.com/xmlrpc.html]
[www.granatensistraduccion.com/comments/feed/index.html]
[www.granatensistraduccion.com/pagina-ejemplo/feed/index.html]
[www.granatensistraduccion.com/feed/index.html]
[www.granatensistraduccion.com/wp-content/plugins/cookie-law-info/lite/frontend/js/script.min6173.js]
[www.granatensistraduccion.com/wp-content/plugins/weglot/dist/front-js7868.js]
[www.granatensistraduccion.com/wp-includes/fonts/dashicons7d4b.eot]
[www.granatensistraduccion.com/wp-json/index.html]
[www.granatensistraduccion.com/wp-includes/css/dashicons.min6a4d.css]
[www.granatensistraduccion.com/wp-content/plugins/menu-icons/css/extra.min69e0.css]
[www.granatensistraduccion.com/wp-includes/css/dist/block-library/style.min6a4d.css]
[www.granatensistraduccion.com/wp-includes/css/classic-themes.min68b3.css]
[www.granatensistraduccion.com/wp-content/plugins/contact-form-7/includes/css/styles9f31.css]
[www.granatensistraduccion.com/wp-content/plugins/contact-form-7/includes/swv/js/index9f31.js]
[www.google.com/recaptcha/apice69.js]
[www.granatensistraduccion.com/wp-content/themes/neve/assets/js/build/modern/frontend3d9c.js]
[www.granatensistraduccion.com/wp-content/plugins/contact-form-7/includes/js/index9f31.js]
[www.granatensistraduccion.com/wp-content/plugins/weglot/dist/images/wgarrowdown.png]
[www.granatensistraduccion.com/wp-content/plugins/contact-form-7/modules/recaptcha/index9f31.js]
[www.granatensistraduccion.com/wp-includes/js/dist/vendor/regenerator-runtime.min3937.js]
[www.granatensistraduccion.com/wp-includes/js/dist/vendor/wp-polyfill.min2c7c.js]
[www.granatensistraduccion.com/wp-content/plugins/weglot/dist/images/rect_mate.png]
[www.granatensistraduccion.com/wp-content/plugins/weglot/dist/images/rect_bright.png]
[www.granatensistraduccion.com/wp-content/plugins/weglot/dist/images/square_flag.png]
[www.granatensistraduccion.com/wp-content/plugins/weglot/dist/images/rect_mate.png]
[www.granatensistraduccion.com/wp-content/plugins/weglot/dist/images/rect_bright.png]
[www.granatensistraduccion.com/wp-includes/fonts/dashicons7d4b.eot]
[www.granatensistraduccion.com/wp-content/plugins/weglot/dist/images/circular_flag.png]
[www.granatensistraduccion.com/wp-content/plugins/weglot/dist/css/front-css7868.css]
[www.granatensistraduccion.com/wp-content/plugins/weglot/dist/images/square_flag.png]
[www.granatensistraduccion.com/wp-content/plugins/weglot/app/styles/new-flags7868.css]
[www.granatensistraduccion.com/wp-content/themes/neve/style-main-new.min3d9c.css]
[cdn.weglot.com/flags/circle/za.svg]
[gmpg.org/xfn/default.css]
[www.granatensistraduccion.com/xmlrpc.html]
[cdn.weglot.com/flags/circle/za.svg]
[www.granatensistraduccion.com/wp-includes/fonts/dashicons7d4b.ttf]
[www.granatensistraduccion.com/fr/index.html]
[www.granatensistraduccion.com/index4579.html]
[www.granatensistraduccion.com/index88b9.html]
[www.granatensistraduccion.com/cdn-cgi/l/email-protection.html]
[www.granatensistraduccion.com/indexa1ca.html]
